  dllmain.cpp
D:\repos\PUBGLite_PrivateServer_BACKUP\PUBGLite_PrivateServer\UtilsDefs.h(88,39): warning C4244: 'argument': conversion from 'UC::uint64' to 'UC::uint32', possible loss of data
  (compiling source file 'dllmain.cpp')
  
D:\repos\PUBGLite_PrivateServer_BACKUP\PUBGLite_PrivateServer\SDK\Basic.hpp(743,3): warning C4369: 'SDK::EObjectFlags':  enumerator value '2147483648' cannot be represented as 'int', value is '2147483648'
  (compiling source file 'dllmain.cpp')
  
D:\repos\PUBGLite_PrivateServer_BACKUP\PUBGLite_PrivateServer\SDK\Gameplay_structs.hpp(150,2): warning C4309: 'initializing': truncation of constant value
  (compiling source file 'dllmain.cpp')
  
D:\repos\PUBGLite_PrivateServer_BACKUP\PUBGLite_PrivateServer\SDK\Gameplay_structs.hpp(150,2): warning C4369: 'SDK::ETLog_BackpackEquipmentSlotType':  enumerator value '256' cannot be represented as 'unsigned char', value is '256'
  (compiling source file 'dllmain.cpp')
  
D:\repos\PUBGLite_PrivateServer_BACKUP\PUBGLite_PrivateServer\SDK\ShadowTrackerExtra_structs.hpp(790,2): warning C4309: 'initializing': truncation of constant value
  (compiling source file 'dllmain.cpp')
  
D:\repos\PUBGLite_PrivateServer_BACKUP\PUBGLite_PrivateServer\SDK\ShadowTrackerExtra_structs.hpp(790,2): warning C4369: 'SDK::EDamageType':  enumerator value '256' cannot be represented as 'unsigned char', value is '256'
  (compiling source file 'dllmain.cpp')
  
D:\repos\PUBGLite_PrivateServer_BACKUP\PUBGLite_PrivateServer\SDK\ShadowTrackerExtra_structs.hpp(3382,2): warning C4309: 'initializing': truncation of constant value
  (compiling source file 'dllmain.cpp')
  
D:\repos\PUBGLite_PrivateServer_BACKUP\PUBGLite_PrivateServer\SDK\ShadowTrackerExtra_structs.hpp(3382,2): warning C4369: 'SDK::ETslParticleCullType':  enumerator value '256' cannot be represented as 'unsigned char', value is '256'
  (compiling source file 'dllmain.cpp')
  
D:\repos\PUBGLite_PrivateServer_BACKUP\PUBGLite_PrivateServer\dllmain.cpp(1645,48): warning C4553: '==': result of expression not used; did you intend '='?
D:\repos\PUBGLite_PrivateServer_BACKUP\PUBGLite_PrivateServer\dllmain.cpp(3824,48): warning C4305: 'argument': truncation from 'double' to 'SDK::FVector::UnderlayingType'
D:\repos\PUBGLite_PrivateServer_BACKUP\PUBGLite_PrivateServer\dllmain.cpp(3829,48): warning C4305: 'argument': truncation from 'double' to 'SDK::FVector::UnderlayingType'
D:\repos\PUBGLite_PrivateServer_BACKUP\PUBGLite_PrivateServer\dllmain.cpp(3834,48): warning C4305: 'argument': truncation from 'double' to 'SDK::FVector::UnderlayingType'
D:\repos\PUBGLite_PrivateServer_BACKUP\PUBGLite_PrivateServer\dllmain.cpp(3839,48): warning C4305: 'argument': truncation from 'double' to 'SDK::FVector::UnderlayingType'
D:\repos\PUBGLite_PrivateServer_BACKUP\PUBGLite_PrivateServer\dllmain.cpp(3844,48): warning C4305: 'argument': truncation from 'double' to 'SDK::FVector::UnderlayingType'
D:\repos\PUBGLite_PrivateServer_BACKUP\PUBGLite_PrivateServer\dllmain.cpp(3849,48): warning C4305: 'argument': truncation from 'double' to 'SDK::FVector::UnderlayingType'
D:\repos\PUBGLite_PrivateServer_BACKUP\PUBGLite_PrivateServer\dllmain.cpp(4469,12): warning C4477: 'printf' : format string '%f' requires an argument of type 'double', but variadic argument 1 has type 'UC::uint64'
D:\repos\PUBGLite_PrivateServer_BACKUP\PUBGLite_PrivateServer\dllmain.cpp(4489,69): warning C4305: 'argument': truncation from 'double' to 'SDK::FVector::UnderlayingType'
D:\repos\PUBGLite_PrivateServer_BACKUP\PUBGLite_PrivateServer\dllmain.cpp(4489,59): warning C4305: 'argument': truncation from 'double' to 'SDK::FVector::UnderlayingType'
D:\repos\PUBGLite_PrivateServer_BACKUP\PUBGLite_PrivateServer\dllmain.cpp(4489,48): warning C4305: 'argument': truncation from 'double' to 'SDK::FVector::UnderlayingType'
     Creating library D:\repos\PUBGLite_PrivateServer_BACKUP\x64\Release\discord-rpc.lib and object D:\repos\PUBGLite_PrivateServer_BACKUP\x64\Release\discord-rpc.exp
  Generating code
  6 of 1557 functions ( 0.4%) were compiled, the rest were copied from previous compilation.
    0 functions were new in current compilation
    18 functions had inline decision re-evaluated but remain unchanged
  Finished generating code
  PUBGLite_PrivateServer.vcxproj -> D:\repos\PUBGLite_PrivateServer_BACKUP\x64\Release\discord-rpc.dll
