c:\users\administrator\source\repos\pubglite_privateserver\pubglite_privateserver\x64\release\pubglite_privateserver.pch
c:\users\administrator\source\repos\pubglite_privateserver\pubglite_privateserver\x64\release\vc143.pdb
c:\users\administrator\source\repos\pubglite_privateserver\pubglite_privateserver\x64\release\pch.obj
c:\users\administrator\source\repos\pubglite_privateserver\pubglite_privateserver\x64\release\authorization_bp_functions.obj
c:\users\administrator\source\repos\pubglite_privateserver\pubglite_privateserver\x64\release\augmentedreality_functions.obj
c:\users\administrator\source\repos\pubglite_privateserver\pubglite_privateserver\x64\release\audiotestactor_functions.obj
c:\users\administrator\source\repos\pubglite_privateserver\pubglite_privateserver\x64\release\audiomixer_functions.obj
c:\users\administrator\source\repos\pubglite_privateserver\pubglite_privateserver\x64\release\attachactor_energydrink_bp_functions.obj
c:\users\administrator\source\repos\pubglite_privateserver\pubglite_privateserver\x64\release\applearkit_functions.obj
c:\users\administrator\source\repos\pubglite_privateserver\pubglite_privateserver\x64\release\apexdestruction_functions.obj
c:\users\administrator\source\repos\pubglite_privateserver\pubglite_privateserver\x64\release\animnotify_akevent_functions.obj
c:\users\administrator\source\repos\pubglite_privateserver\pubglite_privateserver\x64\release\animgraphruntime_functions.obj
c:\users\administrator\source\repos\pubglite_privateserver\pubglite_privateserver\x64\release\animbp_st_mzj_8x_functions.obj
c:\users\administrator\source\repos\pubglite_privateserver\pubglite_privateserver\x64\release\animbp_sk_mzj_vss_scope_san_functions.obj
c:\users\administrator\source\repos\pubglite_privateserver\pubglite_privateserver\x64\release\animbp_sk_mzj_6x_functions.obj
c:\users\administrator\source\repos\pubglite_privateserver\pubglite_privateserver\x64\release\animbp_sk_mzj_4x_functions.obj
c:\users\administrator\source\repos\pubglite_privateserver\pubglite_privateserver\x64\release\animbp_sk_mzj_3x_functions.obj
c:\users\administrator\source\repos\pubglite_privateserver\pubglite_privateserver\x64\release\animbp_sk_mzj_2x_functions.obj
c:\users\administrator\source\repos\pubglite_privateserver\pubglite_privateserver\x64\release\androidpermission_functions.obj
c:\users\administrator\source\repos\pubglite_privateserver\pubglite_privateserver\x64\release\akaudio_functions.obj
c:\users\administrator\source\repos\pubglite_privateserver\pubglite_privateserver\x64\release\airdropinnerbox_functions.obj
c:\users\administrator\source\repos\pubglite_privateserver\pubglite_privateserver\x64\release\aimodule_functions.obj
c:\users\administrator\source\repos\pubglite_privateserver\pubglite_privateserver\x64\release\dllmain.obj
c:\users\administrator\source\repos\pubglite_privateserver\pubglite_privateserver\x64\release\battleitemhandle_weapattachment_functions.obj
c:\users\administrator\source\repos\pubglite_privateserver\pubglite_privateserver\x64\release\battleitemhandle_weapattachmentpc_functions.obj
c:\users\administrator\source\repos\pubglite_privateserver\pubglite_privateserver\x64\release\battleitemhandle_virtualcharacter_functions.obj
c:\users\administrator\source\repos\pubglite_privateserver\pubglite_privateserver\x64\release\battleitemhandle_pistol_functions.obj
c:\users\administrator\source\repos\pubglite_privateserver\pubglite_privateserver\x64\release\battleitemhandle_mainweapon_functions.obj
c:\users\administrator\source\repos\pubglite_privateserver\pubglite_privateserver\x64\release\battleitemhandle_mainweaponpc_functions.obj
c:\users\administrator\source\repos\pubglite_privateserver\pubglite_privateserver\x64\release\battleitemhandle_avatarbp_functions.obj
c:\users\administrator\source\repos\pubglite_privateserver\pubglite_privateserver\x64\release\battleitemhandlebase_bp_functions.obj
c:\users\administrator\source\repos\pubglite_privateserver\pubglite_privateserver\x64\release\basic_functions.obj
c:\users\administrator\source\repos\pubglite_privateserver\pubglite_privateserver\x64\release\basic.obj
c:\users\administrator\source\repos\pubglite_privateserver\pubglite_privateserver\x64\release\baseoptionwidget_functions.obj
c:\users\administrator\source\repos\pubglite_privateserver\pubglite_privateserver\x64\release\backpackshowactor_functions.obj
c:\users\administrator\source\repos\pubglite_privateserver\pubglite_privateserver\x64\release\backpackpickuppanel_bp_functions.obj
c:\users\administrator\source\repos\pubglite_privateserver\pubglite_privateserver\x64\release\backpackitem_bp_functions.obj
c:\users\administrator\source\repos\pubglite_privateserver\pubglite_privateserver\x64\release\backpackfunctionlibrary_bp_functions.obj
c:\users\administrator\source\repos\pubglite_privateserver\pubglite_privateserver\x64\release\backpackdragwidget_bp_functions.obj
c:\users\administrator\source\repos\pubglite_privateserver\pubglite_privateserver\x64\release\backpackclothslot_bp_functions.obj
c:\users\administrator\source\repos\pubglite_privateserver\pubglite_privateserver\x64\release\backpackblueprintutils_bp_functions.obj
c:\users\administrator\source\repos\pubglite_privateserver\pubglite_privateserver\x64\release\backpackbigitem_bp_functions.obj
c:\users\administrator\source\repos\pubglite_privateserver\pubglite_privateserver\x64\release\backpackarmorslot_bp_functions.obj
c:\users\administrator\source\repos\pubglite_privateserver\pubglite_privateserver\x64\release\bp_chat_emoji_functions.obj
c:\users\administrator\source\repos\pubglite_privateserver\pubglite_privateserver\x64\release\bp_characterstudio_functions.obj
c:\users\administrator\source\repos\pubglite_privateserver\pubglite_privateserver\x64\release\bp_breathebarwidget_functions.obj
c:\users\administrator\source\repos\pubglite_privateserver\pubglite_privateserver\x64\release\bp_breathebarwidgetads_functions.obj
c:\users\administrator\source\repos\pubglite_privateserver\pubglite_privateserver\x64\release\bp_battleroyalehud_functions.obj
c:\users\administrator\source\repos\pubglite_privateserver\pubglite_privateserver\x64\release\bp_battleresult_functions.obj
c:\users\administrator\source\repos\pubglite_privateserver\pubglite_privateserver\x64\release\bp_autoaimingcomponent_functions.obj
c:\users\administrator\source\repos\pubglite_privateserver\pubglite_privateserver\x64\release\bp_authorization_functions.obj
c:\users\administrator\source\repos\pubglite_privateserver\pubglite_privateserver\x64\release\bp_armory_functions.obj
c:\users\administrator\source\repos\pubglite_privateserver\pubglite_privateserver\x64\release\bp_appraise_functions.obj
c:\users\administrator\source\repos\pubglite_privateserver\pubglite_privateserver\x64\release\bp_ammo_762mm_pickup_functions.obj
c:\users\administrator\source\repos\pubglite_privateserver\pubglite_privateserver\x64\release\bp_ammo_556mm_pickup_functions.obj
c:\users\administrator\source\repos\pubglite_privateserver\pubglite_privateserver\x64\release\bp_ammo_300magnum_pickup_functions.obj
c:\users\administrator\source\repos\pubglite_privateserver\pubglite_privateserver\x64\release\bp_alliance_recruit_functions.obj
c:\users\administrator\source\repos\pubglite_privateserver\pubglite_privateserver\x64\release\bp_alliance_functions.obj
c:\users\administrator\source\repos\pubglite_privateserver\pubglite_privateserver\x64\release\bp_airdropplane_functions.obj
c:\users\administrator\source\repos\pubglite_privateserver\pubglite_privateserver\x64\release\bp_airdropbox_functions.obj
c:\users\administrator\source\repos\pubglite_privateserver\pubglite_privateserver\x64\release\bp_activty_functions.obj
c:\users\administrator\source\repos\pubglite_privateserver\pubglite_privateserver\x64\release\bp_activity_group_functions.obj
c:\users\administrator\source\repos\pubglite_privateserver\pubglite_privateserver\x64\release\boatavatarcomponent_bp_functions.obj
c:\users\administrator\source\repos\pubglite_privateserver\pubglite_privateserver\x64\release\bp_corps_base_functions.obj
c:\users\administrator\source\repos\pubglite_privateserver\pubglite_privateserver\x64\release\bp_corps_appoint_functions.obj
c:\users\administrator\source\repos\pubglite_privateserver\pubglite_privateserver\x64\release\bp_corps_apply_list_functions.obj
c:\users\administrator\source\repos\pubglite_privateserver\pubglite_privateserver\x64\release\bp_connection_waiting_functions.obj
c:\users\administrator\source\repos\pubglite_privateserver\pubglite_privateserver\x64\release\bp_config_functions.obj
c:\users\administrator\source\repos\pubglite_privateserver\pubglite_privateserver\x64\release\bp_complaint_functions.obj
c:\users\administrator\source\repos\pubglite_privateserver\pubglite_privateserver\x64\release\bp_common_use_items_functions.obj
c:\users\administrator\source\repos\pubglite_privateserver\pubglite_privateserver\x64\release\bp_common_treasurebox_popup_functions.obj
c:\users\administrator\source\repos\pubglite_privateserver\pubglite_privateserver\x64\release\bp_common_rightnotify_tips_panel_functions.obj
c:\users\administrator\source\repos\pubglite_privateserver\pubglite_privateserver\x64\release\bp_common_messagebox_panel_functions.obj
c:\users\administrator\source\repos\pubglite_privateserver\pubglite_privateserver\x64\release\bp_common_item_list_functions.obj
c:\users\administrator\source\repos\pubglite_privateserver\pubglite_privateserver\x64\release\bp_common_item_get_panel_functions.obj
c:\users\administrator\source\repos\pubglite_privateserver\pubglite_privateserver\x64\release\bp_common_itemtips_panel_functions.obj
c:\users\administrator\source\repos\pubglite_privateserver\pubglite_privateserver\x64\release\bp_common_helptips_panel_functions.obj
c:\users\administrator\source\repos\pubglite_privateserver\pubglite_privateserver\x64\release\bp_common_data_functions.obj
c:\users\administrator\source\repos\pubglite_privateserver\pubglite_privateserver\x64\release\bp_commonbtn_functions.obj
c:\users\administrator\source\repos\pubglite_privateserver\pubglite_privateserver\x64\release\bp_chat_voice_functions.obj
c:\users\administrator\source\repos\pubglite_privateserver\pubglite_privateserver\x64\release\bp_chat_room_functions.obj
c:\users\administrator\source\repos\pubglite_privateserver\pubglite_privateserver\x64\release\bp_chat_main_functions.obj
c:\users\administrator\source\repos\pubglite_privateserver\pubglite_privateserver\x64\release\bp_chat_entrance_functions.obj
c:\users\administrator\source\repos\pubglite_privateserver\pubglite_privateserver\x64\release\bp_dj_large_eq_pickup_functions.obj
c:\users\administrator\source\repos\pubglite_privateserver\pubglite_privateserver\x64\release\bp_device_notice_functions.obj
c:\users\administrator\source\repos\pubglite_privateserver\pubglite_privateserver\x64\release\bp_crosshaircolorpalettewidget_functions.obj
c:\users\administrator\source\repos\pubglite_privateserver\pubglite_privateserver\x64\release\bp_createrole_functions.obj
c:\users\administrator\source\repos\pubglite_privateserver\pubglite_privateserver\x64\release\bp_corps_training_rank_functions.obj
c:\users\administrator\source\repos\pubglite_privateserver\pubglite_privateserver\x64\release\bp_corps_training_functions.obj
c:\users\administrator\source\repos\pubglite_privateserver\pubglite_privateserver\x64\release\bp_corps_task_functions.obj
c:\users\administrator\source\repos\pubglite_privateserver\pubglite_privateserver\x64\release\bp_corps_suggestion_functions.obj
c:\users\administrator\source\repos\pubglite_privateserver\pubglite_privateserver\x64\release\bp_corps_shop_functions.obj
c:\users\administrator\source\repos\pubglite_privateserver\pubglite_privateserver\x64\release\bp_corps_rank_functions.obj
c:\users\administrator\source\repos\pubglite_privateserver\pubglite_privateserver\x64\release\bp_corps_rank_award_functions.obj
c:\users\administrator\source\repos\pubglite_privateserver\pubglite_privateserver\x64\release\bp_corps_own_info_functions.obj
c:\users\administrator\source\repos\pubglite_privateserver\pubglite_privateserver\x64\release\bp_corps_own_homepage_functions.obj
c:\users\administrator\source\repos\pubglite_privateserver\pubglite_privateserver\x64\release\bp_corps_manager_functions.obj
c:\users\administrator\source\repos\pubglite_privateserver\pubglite_privateserver\x64\release\bp_corps_location_editor_functions.obj
c:\users\administrator\source\repos\pubglite_privateserver\pubglite_privateserver\x64\release\bp_corps_invitation_functions.obj
c:\users\administrator\source\repos\pubglite_privateserver\pubglite_privateserver\x64\release\bp_corps_icon_select_functions.obj
c:\users\administrator\source\repos\pubglite_privateserver\pubglite_privateserver\x64\release\bp_corps_functions.obj
c:\users\administrator\source\repos\pubglite_privateserver\pubglite_privateserver\x64\release\bp_corps_edit_functions.obj
c:\users\administrator\source\repos\pubglite_privateserver\pubglite_privateserver\x64\release\bp_corps_create_functions.obj
c:\users\administrator\source\repos\pubglite_privateserver\pubglite_privateserver\x64\release\bp_grenade_shoulei_functions.obj
c:\users\administrator\source\repos\pubglite_privateserver\pubglite_privateserver\x64\release\bp_grenade_burn_weapon_wrapper_functions.obj
c:\users\administrator\source\repos\pubglite_privateserver\pubglite_privateserver\x64\release\bp_grenade_burn_weapon_functions.obj
c:\users\administrator\source\repos\pubglite_privateserver\pubglite_privateserver\x64\release\bp_grenade_burn_functions.obj
c:\users\administrator\source\repos\pubglite_privateserver\pubglite_privateserver\x64\release\bp_grenade_base_functions.obj
c:\users\administrator\source\repos\pubglite_privateserver\pubglite_privateserver\x64\release\bp_grenadeweaponstudio_functions.obj
c:\users\administrator\source\repos\pubglite_privateserver\pubglite_privateserver\x64\release\bp_grenadepredictline_functions.obj
c:\users\administrator\source\repos\pubglite_privateserver\pubglite_privateserver\x64\release\bp_good_item_get_panel_functions.obj
c:\users\administrator\source\repos\pubglite_privateserver\pubglite_privateserver\x64\release\bp_gm_functions.obj
c:\users\administrator\source\repos\pubglite_privateserver\pubglite_privateserver\x64\release\bp_gamefunctionlibrary_functions.obj
c:\users\administrator\source\repos\pubglite_privateserver\pubglite_privateserver\x64\release\bp_gameeventlistener_functions.obj
c:\users\administrator\source\repos\pubglite_privateserver\pubglite_privateserver\x64\release\bp_first_recharge_functions.obj
c:\users\administrator\source\repos\pubglite_privateserver\pubglite_privateserver\x64\release\bp_festival_share_award_functions.obj
c:\users\administrator\source\repos\pubglite_privateserver\pubglite_privateserver\x64\release\bp_fade_functions.obj
c:\users\administrator\source\repos\pubglite_privateserver\pubglite_privateserver\x64\release\bp_exciting_party_functions.obj
c:\users\administrator\source\repos\pubglite_privateserver\pubglite_privateserver\x64\release\bp_env_leaf_01_functions.obj
c:\users\administrator\source\repos\pubglite_privateserver\pubglite_privateserver\x64\release\bp_env_grass_01_functions.obj
c:\users\administrator\source\repos\pubglite_privateserver\pubglite_privateserver\x64\release\bp_eightday_new_functions.obj
c:\users\administrator\source\repos\pubglite_privateserver\pubglite_privateserver\x64\release\bp_eightday_functions.obj
c:\users\administrator\source\repos\pubglite_privateserver\pubglite_privateserver\x64\release\bp_dj_sniper_eq_pickup_functions.obj
c:\users\administrator\source\repos\pubglite_privateserver\pubglite_privateserver\x64\release\bp_litepclobbygm_functions.obj
c:\users\administrator\source\repos\pubglite_privateserver\pubglite_privateserver\x64\release\bp_litepclobbyfirsthud_functions.obj
c:\users\administrator\source\repos\pubglite_privateserver\pubglite_privateserver\x64\release\bp_levelup_functions.obj
c:\users\administrator\source\repos\pubglite_privateserver\pubglite_privateserver\x64\release\bp_killertracker_functions.obj
c:\users\administrator\source\repos\pubglite_privateserver\pubglite_privateserver\x64\release\bp_keyboardandmousehintwidget_functions.obj
c:\users\administrator\source\repos\pubglite_privateserver\pubglite_privateserver\x64\release\bp_keyboardandmousehintcontent_functions.obj
c:\users\administrator\source\repos\pubglite_privateserver\pubglite_privateserver\x64\release\bp_keyboardandmousecombination_general_functions.obj
c:\users\administrator\source\repos\pubglite_privateserver\pubglite_privateserver\x64\release\bp_keyboardandmousecombination_4keysinrow_functions.obj
c:\users\administrator\source\repos\pubglite_privateserver\pubglite_privateserver\x64\release\bp_item_get_share_functions.obj
c:\users\administrator\source\repos\pubglite_privateserver\pubglite_privateserver\x64\release\bp_itemgeneratorcomponent_functions.obj
c:\users\administrator\source\repos\pubglite_privateserver\pubglite_privateserver\x64\release\bp_hpgaugewidget_functions.obj
c:\users\administrator\source\repos\pubglite_privateserver\pubglite_privateserver\x64\release\bp_guide_functions.obj
c:\users\administrator\source\repos\pubglite_privateserver\pubglite_privateserver\x64\release\bp_grenade_stun_weapon_wrapper_functions.obj
c:\users\administrator\source\repos\pubglite_privateserver\pubglite_privateserver\x64\release\bp_grenade_stun_weapon_functions.obj
c:\users\administrator\source\repos\pubglite_privateserver\pubglite_privateserver\x64\release\bp_grenade_stun_functions.obj
c:\users\administrator\source\repos\pubglite_privateserver\pubglite_privateserver\x64\release\bp_grenade_smoke_weapon_wrapper_functions.obj
c:\users\administrator\source\repos\pubglite_privateserver\pubglite_privateserver\x64\release\bp_grenade_smoke_weapon_functions.obj
c:\users\administrator\source\repos\pubglite_privateserver\pubglite_privateserver\x64\release\bp_grenade_smoke_functions.obj
c:\users\administrator\source\repos\pubglite_privateserver\pubglite_privateserver\x64\release\bp_grenade_shoulei_weapon_wrapper_functions.obj
c:\users\administrator\source\repos\pubglite_privateserver\pubglite_privateserver\x64\release\bp_grenade_shoulei_weapon_functions.obj
c:\users\administrator\source\repos\pubglite_privateserver\pubglite_privateserver\x64\release\bp_mapmarkerwidget_functions.obj
c:\users\administrator\source\repos\pubglite_privateserver\pubglite_privateserver\x64\release\bp_mail_functions.obj
c:\users\administrator\source\repos\pubglite_privateserver\pubglite_privateserver\x64\release\bp_macros_functions.obj
c:\users\administrator\source\repos\pubglite_privateserver\pubglite_privateserver\x64\release\bp_lpctacticalmapmarkerwheel_functions.obj
c:\users\administrator\source\repos\pubglite_privateserver\pubglite_privateserver\x64\release\bp_lpctacticalmapmarkerwheelsub_functions.obj
c:\users\administrator\source\repos\pubglite_privateserver\pubglite_privateserver\x64\release\bp_login_functions.obj
c:\users\administrator\source\repos\pubglite_privateserver\pubglite_privateserver\x64\release\bp_lobby_reportbug_functions.obj
c:\users\administrator\source\repos\pubglite_privateserver\pubglite_privateserver\x64\release\bp_lobby_platform_functions.obj
c:\users\administrator\source\repos\pubglite_privateserver\pubglite_privateserver\x64\release\bp_lobby_functions.obj
c:\users\administrator\source\repos\pubglite_privateserver\pubglite_privateserver\x64\release\bp_lobby_friend_functions.obj
c:\users\administrator\source\repos\pubglite_privateserver\pubglite_privateserver\x64\release\bp_lobbyplane_functions.obj
c:\users\administrator\source\repos\pubglite_privateserver\pubglite_privateserver\x64\release\bp_lobbychicken_functions.obj
c:\users\administrator\source\repos\pubglite_privateserver\pubglite_privateserver\x64\release\bp_loading_functions.obj
c:\users\administrator\source\repos\pubglite_privateserver\pubglite_privateserver\x64\release\bp_loadingscreen_regionandlogo_functions.obj
c:\users\administrator\source\repos\pubglite_privateserver\pubglite_privateserver\x64\release\bp_live_broadcast_functions.obj
c:\users\administrator\source\repos\pubglite_privateserver\pubglite_privateserver\x64\release\bp_litepcsurvivehud_functions.obj
c:\users\administrator\source\repos\pubglite_privateserver\pubglite_privateserver\x64\release\bp_litepclobbypc_functions.obj
c:\users\administrator\source\repos\pubglite_privateserver\pubglite_privateserver\x64\release\bp_litepclobbynametag_functions.obj
c:\users\administrator\source\repos\pubglite_privateserver\pubglite_privateserver\x64\release\bp_litepclobbymsg_functions.obj
c:\users\administrator\source\repos\pubglite_privateserver\pubglite_privateserver\x64\release\bp_litepclobbyhud_functions.obj
c:\users\administrator\source\repos\pubglite_privateserver\pubglite_privateserver\x64\release\bp_moviecg_functions.obj
c:\users\administrator\source\repos\pubglite_privateserver\pubglite_privateserver\x64\release\bp_motorbike_sidecart_functions.obj
c:\users\administrator\source\repos\pubglite_privateserver\pubglite_privateserver\x64\release\bp_motorbike_functions.obj
c:\users\administrator\source\repos\pubglite_privateserver\pubglite_privateserver\x64\release\bp_minimapstandardpoint_functions.obj
c:\users\administrator\source\repos\pubglite_privateserver\pubglite_privateserver\x64\release\bp_meleeweaponstudio_functions.obj
c:\users\administrator\source\repos\pubglite_privateserver\pubglite_privateserver\x64\release\bp_match_functions.obj
c:\users\administrator\source\repos\pubglite_privateserver\pubglite_privateserver\x64\release\bp_master_task_functions.obj
c:\users\administrator\source\repos\pubglite_privateserver\pubglite_privateserver\x64\release\bp_master_privilege_functions.obj
c:\users\administrator\source\repos\pubglite_privateserver\pubglite_privateserver\x64\release\bp_master_masteranddisciple_item_functions.obj
c:\users\administrator\source\repos\pubglite_privateserver\pubglite_privateserver\x64\release\bp_master_functions.obj
c:\users\administrator\source\repos\pubglite_privateserver\pubglite_privateserver\x64\release\bp_master_finish_functions.obj
c:\users\administrator\source\repos\pubglite_privateserver\pubglite_privateserver\x64\release\bp_master_disciple_functions.obj
c:\users\administrator\source\repos\pubglite_privateserver\pubglite_privateserver\x64\release\bp_master_apply_list_functions.obj
c:\users\administrator\source\repos\pubglite_privateserver\pubglite_privateserver\x64\release\bp_master_apply_functions.obj
c:\users\administrator\source\repos\pubglite_privateserver\pubglite_privateserver\x64\release\bp_market_package_functions.obj
c:\users\administrator\source\repos\pubglite_privateserver\pubglite_privateserver\x64\release\bp_market_goods_functions.obj
c:\users\administrator\source\repos\pubglite_privateserver\pubglite_privateserver\x64\release\bp_market_functions.obj
c:\users\administrator\source\repos\pubglite_privateserver\pubglite_privateserver\x64\release\bp_market_buy_single_functions.obj
c:\users\administrator\source\repos\pubglite_privateserver\pubglite_privateserver\x64\release\bp_market_buy_batch_functions.obj
c:\users\administrator\source\repos\pubglite_privateserver\pubglite_privateserver\x64\release\bp_market_appearance_functions.obj
c:\users\administrator\source\repos\pubglite_privateserver\pubglite_privateserver\x64\release\bp_playerpawn_functions.obj
c:\users\administrator\source\repos\pubglite_privateserver\pubglite_privateserver\x64\release\bp_playerpawnpc_functions.obj
c:\users\administrator\source\repos\pubglite_privateserver\pubglite_privateserver\x64\release\bp_playerlobbypawn_functions.obj
c:\users\administrator\source\repos\pubglite_privateserver\pubglite_privateserver\x64\release\bp_planecharacter_functions.obj
c:\users\administrator\source\repos\pubglite_privateserver\pubglite_privateserver\x64\release\bp_pcsystemmenuwidget_functions.obj
c:\users\administrator\source\repos\pubglite_privateserver\pubglite_privateserver\x64\release\bp_pcsystemmenubuttonwidget_functions.obj
c:\users\administrator\source\repos\pubglite_privateserver\pubglite_privateserver\x64\release\bp_pcoptionitemdropdownlistwidget_functions.obj
c:\users\administrator\source\repos\pubglite_privateserver\pubglite_privateserver\x64\release\bp_pcoptiondetailwidget_functions.obj
c:\users\administrator\source\repos\pubglite_privateserver\pubglite_privateserver\x64\release\bp_other_m249_wrapper_functions.obj
c:\users\administrator\source\repos\pubglite_privateserver\pubglite_privateserver\x64\release\bp_open_box_panel_functions.obj
c:\users\administrator\source\repos\pubglite_privateserver\pubglite_privateserver\x64\release\bp_officer_training_functions.obj
c:\users\administrator\source\repos\pubglite_privateserver\pubglite_privateserver\x64\release\bp_observerplayericonmuzzleflash_functions.obj
c:\users\administrator\source\repos\pubglite_privateserver\pubglite_privateserver\x64\release\bp_notice_functions.obj
c:\users\administrator\source\repos\pubglite_privateserver\pubglite_privateserver\x64\release\bp_noticebox_panel_functions.obj
c:\users\administrator\source\repos\pubglite_privateserver\pubglite_privateserver\x64\release\bp_newteaching_functions.obj
c:\users\administrator\source\repos\pubglite_privateserver\pubglite_privateserver\x64\release\bp_newer_guide_functions.obj
c:\users\administrator\source\repos\pubglite_privateserver\pubglite_privateserver\x64\release\bp_mzj_8x_pickup_functions.obj
c:\users\administrator\source\repos\pubglite_privateserver\pubglite_privateserver\x64\release\bp_mzj_4x_pickup_functions.obj
c:\users\administrator\source\repos\pubglite_privateserver\pubglite_privateserver\x64\release\bp_muster_log_functions.obj
c:\users\administrator\source\repos\pubglite_privateserver\pubglite_privateserver\x64\release\bp_muster_functions.obj
c:\users\administrator\source\repos\pubglite_privateserver\pubglite_privateserver\x64\release\bp_rifle_groza_wrapper_functions.obj
c:\users\administrator\source\repos\pubglite_privateserver\pubglite_privateserver\x64\release\bp_rifle_aug_wrapper_functions.obj
c:\users\administrator\source\repos\pubglite_privateserver\pubglite_privateserver\x64\release\bp_revise_name_functions.obj
c:\users\administrator\source\repos\pubglite_privateserver\pubglite_privateserver\x64\release\bp_reportbug_functions.obj
c:\users\administrator\source\repos\pubglite_privateserver\pubglite_privateserver\x64\release\bp_reflux_functions.obj
c:\users\administrator\source\repos\pubglite_privateserver\pubglite_privateserver\x64\release\bp_redpacket_functions.obj
c:\users\administrator\source\repos\pubglite_privateserver\pubglite_privateserver\x64\release\bp_redpacketsec_functions.obj
c:\users\administrator\source\repos\pubglite_privateserver\pubglite_privateserver\x64\release\bp_recruit_functions.obj
c:\users\administrator\source\repos\pubglite_privateserver\pubglite_privateserver\x64\release\bp_recharge_functions.obj
c:\users\administrator\source\repos\pubglite_privateserver\pubglite_privateserver\x64\release\bp_rank_functions.obj
c:\users\administrator\source\repos\pubglite_privateserver\pubglite_privateserver\x64\release\bp_radiation_functions.obj
c:\users\administrator\source\repos\pubglite_privateserver\pubglite_privateserver\x64\release\bp_qt_a_pickup_functions.obj
c:\users\administrator\source\repos\pubglite_privateserver\pubglite_privateserver\x64\release\bp_qk_sniper_compensator_pickup_functions.obj
c:\users\administrator\source\repos\pubglite_privateserver\pubglite_privateserver\x64\release\bp_qk_large_compensator_pickup_functions.obj
c:\users\administrator\source\repos\pubglite_privateserver\pubglite_privateserver\x64\release\bp_promotion_functions.obj
c:\users\administrator\source\repos\pubglite_privateserver\pubglite_privateserver\x64\release\bp_pp_outlinecustomdepthocclusion_inst_functions.obj
c:\users\administrator\source\repos\pubglite_privateserver\pubglite_privateserver\x64\release\bp_popup_notice_functions.obj
c:\users\administrator\source\repos\pubglite_privateserver\pubglite_privateserver\x64\release\bp_playerscenecapturepawn_lpc_functions.obj
c:\users\administrator\source\repos\pubglite_privateserver\pubglite_privateserver\x64\release\bp_playerriflebullet_functions.obj
c:\users\administrator\source\repos\pubglite_privateserver\pubglite_privateserver\x64\release\bp_playerriflebulletimpact_functions.obj
c:\users\administrator\source\repos\pubglite_privateserver\pubglite_privateserver\x64\release\bp_share_dayfinaly_functions.obj
c:\users\administrator\source\repos\pubglite_privateserver\pubglite_privateserver\x64\release\bp_share_cjhb_functions.obj
c:\users\administrator\source\repos\pubglite_privateserver\pubglite_privateserver\x64\release\bp_share_award_functions.obj
c:\users\administrator\source\repos\pubglite_privateserver\pubglite_privateserver\x64\release\bp_setting_functions.obj
c:\users\administrator\source\repos\pubglite_privateserver\pubglite_privateserver\x64\release\bp_serverswitcher_functions.obj
c:\users\administrator\source\repos\pubglite_privateserver\pubglite_privateserver\x64\release\bp_season_functions.obj
c:\users\administrator\source\repos\pubglite_privateserver\pubglite_privateserver\x64\release\bp_scrollnotice_functions.obj
c:\users\administrator\source\repos\pubglite_privateserver\pubglite_privateserver\x64\release\bp_scenemanagercomponent_functions.obj
c:\users\administrator\source\repos\pubglite_privateserver\pubglite_privateserver\x64\release\bp_room_waiting_functions.obj
c:\users\administrator\source\repos\pubglite_privateserver\pubglite_privateserver\x64\release\bp_room_functions.obj
c:\users\administrator\source\repos\pubglite_privateserver\pubglite_privateserver\x64\release\bp_room_create_functions.obj
c:\users\administrator\source\repos\pubglite_privateserver\pubglite_privateserver\x64\release\bp_roleinfo_tag_functions.obj
c:\users\administrator\source\repos\pubglite_privateserver\pubglite_privateserver\x64\release\bp_roleinfo_rankdetail_functions.obj
c:\users\administrator\source\repos\pubglite_privateserver\pubglite_privateserver\x64\release\bp_roleinfo_honorwall_functions.obj
c:\users\administrator\source\repos\pubglite_privateserver\pubglite_privateserver\x64\release\bp_roleinfo_history_functions.obj
c:\users\administrator\source\repos\pubglite_privateserver\pubglite_privateserver\x64\release\bp_roleinfo_historydetail_functions.obj
c:\users\administrator\source\repos\pubglite_privateserver\pubglite_privateserver\x64\release\bp_roleinfo_functions.obj
c:\users\administrator\source\repos\pubglite_privateserver\pubglite_privateserver\x64\release\bp_roleinfo_corps_functions.obj
c:\users\administrator\source\repos\pubglite_privateserver\pubglite_privateserver\x64\release\bp_roleinfo_bigavatar_functions.obj
c:\users\administrator\source\repos\pubglite_privateserver\pubglite_privateserver\x64\release\bp_roleinfo_avatarframe_functions.obj
c:\users\administrator\source\repos\pubglite_privateserver\pubglite_privateserver\x64\release\bp_shop_gift_functions.obj
c:\users\administrator\source\repos\pubglite_privateserver\pubglite_privateserver\x64\release\bp_shop_functions.obj
c:\users\administrator\source\repos\pubglite_privateserver\pubglite_privateserver\x64\release\bp_shoplimit_functions.obj
c:\users\administrator\source\repos\pubglite_privateserver\pubglite_privateserver\x64\release\bp_shootweaponbase_functions.obj
c:\users\administrator\source\repos\pubglite_privateserver\pubglite_privateserver\x64\release\bp_share_title_functions.obj
c:\users\administrator\source\repos\pubglite_privateserver\pubglite_privateserver\x64\release\bp_share_shop_gift_functions.obj
c:\users\administrator\source\repos\pubglite_privateserver\pubglite_privateserver\x64\release\bp_share_result_functions.obj
c:\users\administrator\source\repos\pubglite_privateserver\pubglite_privateserver\x64\release\bp_share_rank_functions.obj
c:\users\administrator\source\repos\pubglite_privateserver\pubglite_privateserver\x64\release\bp_share_person_functions.obj
c:\users\administrator\source\repos\pubglite_privateserver\pubglite_privateserver\x64\release\bp_share_pddhb_functions.obj
c:\users\administrator\source\repos\pubglite_privateserver\pubglite_privateserver\x64\release\bp_share_normal_cjhb_functions.obj
c:\users\administrator\source\repos\pubglite_privateserver\pubglite_privateserver\x64\release\bp_share_muster_functions.obj
c:\users\administrator\source\repos\pubglite_privateserver\pubglite_privateserver\x64\release\bp_share_levelup_functions.obj
c:\users\administrator\source\repos\pubglite_privateserver\pubglite_privateserver\x64\release\bp_share_honor_wall_functions.obj
c:\users\administrator\source\repos\pubglite_privateserver\pubglite_privateserver\x64\release\bp_share_history_results_functions.obj
c:\users\administrator\source\repos\pubglite_privateserver\pubglite_privateserver\x64\release\bp_share_history_ranking_functions.obj
c:\users\administrator\source\repos\pubglite_privateserver\pubglite_privateserver\x64\release\bp_share_functions.obj
c:\users\administrator\source\repos\pubglite_privateserver\pubglite_privateserver\x64\release\bp_share_festival_functions.obj
c:\users\administrator\source\repos\pubglite_privateserver\pubglite_privateserver\x64\release\bp_share_exciting_party_functions.obj
c:\users\administrator\source\repos\pubglite_privateserver\pubglite_privateserver\x64\release\bp_share_day_functions.obj
c:\users\administrator\source\repos\pubglite_privateserver\pubglite_privateserver\x64\release\bp_tslbaselobbyscenetravel_cameramove_fast_functions.obj
c:\users\administrator\source\repos\pubglite_privateserver\pubglite_privateserver\x64\release\bp_teamup_qrcode_functions.obj
c:\users\administrator\source\repos\pubglite_privateserver\pubglite_privateserver\x64\release\bp_teamup_model_functions.obj
c:\users\administrator\source\repos\pubglite_privateserver\pubglite_privateserver\x64\release\bp_teamup_map_functions.obj
c:\users\administrator\source\repos\pubglite_privateserver\pubglite_privateserver\x64\release\bp_teamup_functions.obj
c:\users\administrator\source\repos\pubglite_privateserver\pubglite_privateserver\x64\release\bp_teamup_friend_functions.obj
c:\users\administrator\source\repos\pubglite_privateserver\pubglite_privateserver\x64\release\bp_teammatchgamestate_functions.obj
c:\users\administrator\source\repos\pubglite_privateserver\pubglite_privateserver\x64\release\bp_task_functions.obj
c:\users\administrator\source\repos\pubglite_privateserver\pubglite_privateserver\x64\release\bp_swimcontroller_functions.obj
c:\users\administrator\source\repos\pubglite_privateserver\pubglite_privateserver\x64\release\bp_stextrawheeledvehicle_functions.obj
c:\users\administrator\source\repos\pubglite_privateserver\pubglite_privateserver\x64\release\bp_stextraplayercontroller_functions.obj
c:\users\administrator\source\repos\pubglite_privateserver\pubglite_privateserver\x64\release\bp_stextraplayercontrollerpc_functions.obj
c:\users\administrator\source\repos\pubglite_privateserver\pubglite_privateserver\x64\release\bp_stextraboatbase_functions.obj
c:\users\administrator\source\repos\pubglite_privateserver\pubglite_privateserver\x64\release\bp_sniper_m24_wrapper_functions.obj
c:\users\administrator\source\repos\pubglite_privateserver\pubglite_privateserver\x64\release\bp_sniper_awm_wrapper_functions.obj
c:\users\administrator\source\repos\pubglite_privateserver\pubglite_privateserver\x64\release\bp_sky_savage_lobby_clear_functions.obj
c:\users\administrator\source\repos\pubglite_privateserver\pubglite_privateserver\x64\release\bp_signin_functions.obj
c:\users\administrator\source\repos\pubglite_privateserver\pubglite_privateserver\x64\release\bp_siderail_dotsight_pickup_functions.obj
c:\users\administrator\source\repos\pubglite_privateserver\pubglite_privateserver\x64\release\bp_shop_gift_packet_functions.obj
c:\users\administrator\source\repos\pubglite_privateserver\pubglite_privateserver\x64\release\bp_shop_gift_msgcenter_functions.obj
c:\users\administrator\source\repos\pubglite_privateserver\pubglite_privateserver\x64\release\bp_weekend_lucky_share_functions.obj
c:\users\administrator\source\repos\pubglite_privateserver\pubglite_privateserver\x64\release\bp_weapon_model_handler_functions.obj
c:\users\administrator\source\repos\pubglite_privateserver\pubglite_privateserver\x64\release\bp_weaponstudio_functions.obj
c:\users\administrator\source\repos\pubglite_privateserver\pubglite_privateserver\x64\release\bp_weaponreloadanimstate_functions.obj
c:\users\administrator\source\repos\pubglite_privateserver\pubglite_privateserver\x64\release\bp_wb_vertical_pickup_functions.obj
c:\users\administrator\source\repos\pubglite_privateserver\pubglite_privateserver\x64\release\bp_wargamemode_functions.obj
c:\users\administrator\source\repos\pubglite_privateserver\pubglite_privateserver\x64\release\bp_wargamemode_4_functions.obj
c:\users\administrator\source\repos\pubglite_privateserver\pubglite_privateserver\x64\release\bp_wargamemode_2_functions.obj
c:\users\administrator\source\repos\pubglite_privateserver\pubglite_privateserver\x64\release\bp_wardrobe_functions.obj
c:\users\administrator\source\repos\pubglite_privateserver\pubglite_privateserver\x64\release\bp_voiceuiobject_functions.obj
c:\users\administrator\source\repos\pubglite_privateserver\pubglite_privateserver\x64\release\bp_voicedataobject_functions.obj
c:\users\administrator\source\repos\pubglite_privateserver\pubglite_privateserver\x64\release\bp_voicecheck_functions.obj
c:\users\administrator\source\repos\pubglite_privateserver\pubglite_privateserver\x64\release\bp_viewmodevehicle_functions.obj
c:\users\administrator\source\repos\pubglite_privateserver\pubglite_privateserver\x64\release\bp_versionupdate_functions.obj
c:\users\administrator\source\repos\pubglite_privateserver\pubglite_privateserver\x64\release\bp_vehicleuser_functions.obj
c:\users\administrator\source\repos\pubglite_privateserver\pubglite_privateserver\x64\release\bp_vehiclegeneratorcomponent_functions.obj
c:\users\administrator\source\repos\pubglite_privateserver\pubglite_privateserver\x64\release\bp_update_notice_functions.obj
c:\users\administrator\source\repos\pubglite_privateserver\pubglite_privateserver\x64\release\bp_tslbaselobbyscenetravel_teleport_functions.obj
c:\users\administrator\source\repos\pubglite_privateserver\pubglite_privateserver\x64\release\bp_tslbaselobbyscenetravel_fadeinout_functions.obj
c:\users\administrator\source\repos\pubglite_privateserver\pubglite_privateserver\x64\release\bp_tslbaselobbyscenetravel_cameramove_functions.obj
c:\users\administrator\source\repos\pubglite_privateserver\pubglite_privateserver\x64\release\circlechasingprogress_functions.obj
c:\users\administrator\source\repos\pubglite_privateserver\pubglite_privateserver\x64\release\cinematiccamera_functions.obj
c:\users\administrator\source\repos\pubglite_privateserver\pubglite_privateserver\x64\release\ch_vehicle_animbp_functions.obj
c:\users\administrator\source\repos\pubglite_privateserver\pubglite_privateserver\x64\release\ch_base_animbp_v2_functions.obj
c:\users\administrator\source\repos\pubglite_privateserver\pubglite_privateserver\x64\release\ch_base_animbp_functions.obj
c:\users\administrator\source\repos\pubglite_privateserver\pubglite_privateserver\x64\release\ch_base_animbp_fpp_functions.obj
c:\users\administrator\source\repos\pubglite_privateserver\pubglite_privateserver\x64\release\childoptiontitlewidget_functions.obj
c:\users\administrator\source\repos\pubglite_privateserver\pubglite_privateserver\x64\release\chatcomponent_bp_functions.obj
c:\users\administrator\source\repos\pubglite_privateserver\pubglite_privateserver\x64\release\characteravatarcomp_bp_functions.obj
c:\users\administrator\source\repos\pubglite_privateserver\pubglite_privateserver\x64\release\cdbarui_bp_functions.obj
c:\users\administrator\source\repos\pubglite_privateserver\pubglite_privateserver\x64\release\cancelgrenadebtn_functions.obj
c:\users\administrator\source\repos\pubglite_privateserver\pubglite_privateserver\x64\release\camerashakeforfalling_functions.obj
c:\users\administrator\source\repos\pubglite_privateserver\pubglite_privateserver\x64\release\camerasettingcomponent_functions.obj
c:\users\administrator\source\repos\pubglite_privateserver\pubglite_privateserver\x64\release\cablecomponent_functions.obj
c:\users\administrator\source\repos\pubglite_privateserver\pubglite_privateserver\x64\release\buttoneventlistener_functions.obj
c:\users\administrator\source\repos\pubglite_privateserver\pubglite_privateserver\x64\release\bp_wep_mk14_pickup_functions.obj
c:\users\administrator\source\repos\pubglite_privateserver\pubglite_privateserver\x64\release\bp_week_signup_functions.obj
c:\users\administrator\source\repos\pubglite_privateserver\pubglite_privateserver\x64\release\bp_weekend_superaward_share_functions.obj
c:\users\administrator\source\repos\pubglite_privateserver\pubglite_privateserver\x64\release\bp_weekend_revelry_superaward_functions.obj
c:\users\administrator\source\repos\pubglite_privateserver\pubglite_privateserver\x64\release\bp_weekend_revelry_functions.obj
c:\users\administrator\source\repos\pubglite_privateserver\pubglite_privateserver\x64\release\flaregunuiwidget_functions.obj
c:\users\administrator\source\repos\pubglite_privateserver\pubglite_privateserver\x64\release\fitingslotitem_bp_functions.obj
c:\users\administrator\source\repos\pubglite_privateserver\pubglite_privateserver\x64\release\firstaidbox_pickup_functions.obj
c:\users\administrator\source\repos\pubglite_privateserver\pubglite_privateserver\x64\release\firemode_functions.obj
c:\users\administrator\source\repos\pubglite_privateserver\pubglite_privateserver\x64\release\fade_uibp_functions.obj
c:\users\administrator\source\repos\pubglite_privateserver\pubglite_privateserver\x64\release\entiremap_obmode_functions.obj
c:\users\administrator\source\repos\pubglite_privateserver\pubglite_privateserver\x64\release\engine_functions.obj
c:\users\administrator\source\repos\pubglite_privateserver\pubglite_privateserver\x64\release\emotecomponent_bp_functions.obj
c:\users\administrator\source\repos\pubglite_privateserver\pubglite_privateserver\x64\release\dropboxinmapshow_bp_functions.obj
c:\users\administrator\source\repos\pubglite_privateserver\pubglite_privateserver\x64\release\customuipositioninterface_functions.obj
c:\users\administrator\source\repos\pubglite_privateserver\pubglite_privateserver\x64\release\customizepickuppanel_bp_functions.obj
c:\users\administrator\source\repos\pubglite_privateserver\pubglite_privateserver\x64\release\countdownwidget_functions.obj
c:\users\administrator\source\repos\pubglite_privateserver\pubglite_privateserver\x64\release\coreuobject_functions.obj
c:\users\administrator\source\repos\pubglite_privateserver\pubglite_privateserver\x64\release\consumableitemlist_functions.obj
c:\users\administrator\source\repos\pubglite_privateserver\pubglite_privateserver\x64\release\common_uipanelbg2_functions.obj
c:\users\administrator\source\repos\pubglite_privateserver\pubglite_privateserver\x64\release\common_rankintegrallevel_style_small_uibp_functions.obj
c:\users\administrator\source\repos\pubglite_privateserver\pubglite_privateserver\x64\release\common_notice_panel_bp_functions.obj
c:\users\administrator\source\repos\pubglite_privateserver\pubglite_privateserver\x64\release\coherentuigtplugin_functions.obj
c:\users\administrator\source\repos\pubglite_privateserver\pubglite_privateserver\x64\release\client_functions.obj
c:\users\administrator\source\repos\pubglite_privateserver\pubglite_privateserver\x64\release\clientingameuifunctionlibrary_bp_functions.obj
c:\users\administrator\source\repos\pubglite_privateserver\pubglite_privateserver\x64\release\gvoice_functions.obj
c:\users\administrator\source\repos\pubglite_privateserver\pubglite_privateserver\x64\release\guidecomponent_bp_functions.obj
c:\users\administrator\source\repos\pubglite_privateserver\pubglite_privateserver\x64\release\grenadelist_functions.obj
c:\users\administrator\source\repos\pubglite_privateserver\pubglite_privateserver\x64\release\grenadeinfoitem_bp_functions.obj
c:\users\administrator\source\repos\pubglite_privateserver\pubglite_privateserver\x64\release\grenadeaimbtn_functions.obj
c:\users\administrator\source\repos\pubglite_privateserver\pubglite_privateserver\x64\release\gmui_functions.obj
c:\users\administrator\source\repos\pubglite_privateserver\pubglite_privateserver\x64\release\global_voice_functions.obj
c:\users\administrator\source\repos\pubglite_privateserver\pubglite_privateserver\x64\release\global_bp_functions.obj
c:\users\administrator\source\repos\pubglite_privateserver\pubglite_privateserver\x64\release\globaluifunctionlibrary_functions.obj
c:\users\administrator\source\repos\pubglite_privateserver\pubglite_privateserver\x64\release\globaluieventdispatcher_bp_functions.obj
c:\users\administrator\source\repos\pubglite_privateserver\pubglite_privateserver\x64\release\globaluicontainer_bp_functions.obj
c:\users\administrator\source\repos\pubglite_privateserver\pubglite_privateserver\x64\release\globalbattleuifunctionlibrary_functions.obj
c:\users\administrator\source\repos\pubglite_privateserver\pubglite_privateserver\x64\release\geometrycache_functions.obj
c:\users\administrator\source\repos\pubglite_privateserver\pubglite_privateserver\x64\release\generalsettingwidget_functions.obj
c:\users\administrator\source\repos\pubglite_privateserver\pubglite_privateserver\x64\release\generalpopupnotice_bp_functions.obj
c:\users\administrator\source\repos\pubglite_privateserver\pubglite_privateserver\x64\release\gameplay_functions.obj
c:\users\administrator\source\repos\pubglite_privateserver\pubglite_privateserver\x64\release\gameplaytasks_functions.obj
c:\users\administrator\source\repos\pubglite_privateserver\pubglite_privateserver\x64\release\gameplaytags_functions.obj
c:\users\administrator\source\repos\pubglite_privateserver\pubglite_privateserver\x64\release\freecamerabtn_functions.obj
c:\users\administrator\source\repos\pubglite_privateserver\pubglite_privateserver\x64\release\foliage_functions.obj
c:\users\administrator\source\repos\pubglite_privateserver\pubglite_privateserver\x64\release\litepc_gameplayui_functions.obj
c:\users\administrator\source\repos\pubglite_privateserver\pubglite_privateserver\x64\release\litepclobby_functions.obj
c:\users\administrator\source\repos\pubglite_privateserver\pubglite_privateserver\x64\release\levelsequence_functions.obj
c:\users\administrator\source\repos\pubglite_privateserver\pubglite_privateserver\x64\release\landscape_functions.obj
c:\users\administrator\source\repos\pubglite_privateserver\pubglite_privateserver\x64\release\killinfoitem_bp_functions.obj
c:\users\administrator\source\repos\pubglite_privateserver\pubglite_privateserver\x64\release\killedtipspanel_functions.obj
c:\users\administrator\source\repos\pubglite_privateserver\pubglite_privateserver\x64\release\keysettingwidget_bp_functions.obj
c:\users\administrator\source\repos\pubglite_privateserver\pubglite_privateserver\x64\release\keyreceiverwidget_bp_functions.obj
c:\users\administrator\source\repos\pubglite_privateserver\pubglite_privateserver\x64\release\keyimagewidgetbp_functions.obj
c:\users\administrator\source\repos\pubglite_privateserver\pubglite_privateserver\x64\release\itempopupnotice_bp_functions.obj
c:\users\administrator\source\repos\pubglite_privateserver\pubglite_privateserver\x64\release\interfacemainoption_functions.obj
c:\users\administrator\source\repos\pubglite_privateserver\pubglite_privateserver\x64\release\injection_pickup_functions.obj
c:\users\administrator\source\repos\pubglite_privateserver\pubglite_privateserver\x64\release\injection_functions.obj
c:\users\administrator\source\repos\pubglite_privateserver\pubglite_privateserver\x64\release\ingame_teampanel_followitem_functions.obj
c:\users\administrator\source\repos\pubglite_privateserver\pubglite_privateserver\x64\release\ingame_teampanel_bp_functions.obj
c:\users\administrator\source\repos\pubglite_privateserver\pubglite_privateserver\x64\release\ingame_teamitem_bp_functions.obj
c:\users\administrator\source\repos\pubglite_privateserver\pubglite_privateserver\x64\release\ingamemenuwidget_functions.obj
c:\users\administrator\source\repos\pubglite_privateserver\pubglite_privateserver\x64\release\imgmedia_functions.obj
c:\users\administrator\source\repos\pubglite_privateserver\pubglite_privateserver\x64\release\hudmain_functions.obj
c:\users\administrator\source\repos\pubglite_privateserver\pubglite_privateserver\x64\release\headmounteddisplay_functions.obj
c:\users\administrator\source\repos\pubglite_privateserver\pubglite_privateserver\x64\release\maincontrolpaneltochbutton_functions.obj
c:\users\administrator\source\repos\pubglite_privateserver\pubglite_privateserver\x64\release\maincontrolbaseui_functions.obj
c:\users\administrator\source\repos\pubglite_privateserver\pubglite_privateserver\x64\release\mainbackpackpanel_bp_functions.obj
c:\users\administrator\source\repos\pubglite_privateserver\pubglite_privateserver\x64\release\mainbackpackdiscardpanel_bp_functions.obj
c:\users\administrator\source\repos\pubglite_privateserver\pubglite_privateserver\x64\release\login_update_uibp_functions.obj
c:\users\administrator\source\repos\pubglite_privateserver\pubglite_privateserver\x64\release\login_uipanelbg_functions.obj
c:\users\administrator\source\repos\pubglite_privateserver\pubglite_privateserver\x64\release\login_splashscreen_functions.obj
c:\users\administrator\source\repos\pubglite_privateserver\pubglite_privateserver\x64\release\login_serverlist_uibp_functions.obj
c:\users\administrator\source\repos\pubglite_privateserver\pubglite_privateserver\x64\release\login_selectedserveritem_uibp_functions.obj
c:\users\administrator\source\repos\pubglite_privateserver\pubglite_privateserver\x64\release\login_movie_uibp_functions.obj
c:\users\administrator\source\repos\pubglite_privateserver\pubglite_privateserver\x64\release\login_loading_uibp_functions.obj
c:\users\administrator\source\repos\pubglite_privateserver\pubglite_privateserver\x64\release\lobby_animbp_functions.obj
c:\users\administrator\source\repos\pubglite_privateserver\pubglite_privateserver\x64\release\lobbyviewmode_functions.obj
c:\users\administrator\source\repos\pubglite_privateserver\pubglite_privateserver\x64\release\lobbynametag_functions.obj
c:\users\administrator\source\repos\pubglite_privateserver\pubglite_privateserver\x64\release\lobbynametaghud_functions.obj
c:\users\administrator\source\repos\pubglite_privateserver\pubglite_privateserver\x64\release\loadingscreen_texttiptemplate_functions.obj
c:\users\administrator\source\repos\pubglite_privateserver\pubglite_privateserver\x64\release\loadedclassmanager_bp_functions.obj
c:\users\administrator\source\repos\pubglite_privateserver\pubglite_privateserver\x64\release\litepc_soundui_functions.obj
c:\users\administrator\source\repos\pubglite_privateserver\pubglite_privateserver\x64\release\litepc_mainoptionui_functions.obj
c:\users\administrator\source\repos\pubglite_privateserver\pubglite_privateserver\x64\release\litepc_graphicsui_functions.obj
c:\users\administrator\source\repos\pubglite_privateserver\pubglite_privateserver\x64\release\ob_circlechasingprogress_bp_functions.obj
c:\users\administrator\source\repos\pubglite_privateserver\pubglite_privateserver\x64\release\obui_uibp_functions.obj
c:\users\administrator\source\repos\pubglite_privateserver\pubglite_privateserver\x64\release\obui_library_functions.obj
c:\users\administrator\source\repos\pubglite_privateserver\pubglite_privateserver\x64\release\newparachutingpanel_functions.obj
c:\users\administrator\source\repos\pubglite_privateserver\pubglite_privateserver\x64\release\newminimap_functions.obj
c:\users\administrator\source\repos\pubglite_privateserver\pubglite_privateserver\x64\release\newentiremap_functions.obj
c:\users\administrator\source\repos\pubglite_privateserver\pubglite_privateserver\x64\release\navigatorpanel_functions.obj
c:\users\administrator\source\repos\pubglite_privateserver\pubglite_privateserver\x64\release\mrmesh_functions.obj
c:\users\administrator\source\repos\pubglite_privateserver\pubglite_privateserver\x64\release\moviescene_functions.obj
c:\users\administrator\source\repos\pubglite_privateserver\pubglite_privateserver\x64\release\moviescenecapture_functions.obj
c:\users\administrator\source\repos\pubglite_privateserver\pubglite_privateserver\x64\release\mousesettingwidget_functions.obj
c:\users\administrator\source\repos\pubglite_privateserver\pubglite_privateserver\x64\release\mobilepatchingutils_functions.obj
c:\users\administrator\source\repos\pubglite_privateserver\pubglite_privateserver\x64\release\minimap_obmode_functions.obj
c:\users\administrator\source\repos\pubglite_privateserver\pubglite_privateserver\x64\release\minimapgrid_functions.obj
c:\users\administrator\source\repos\pubglite_privateserver\pubglite_privateserver\x64\release\messagewidget_functions.obj
c:\users\administrator\source\repos\pubglite_privateserver\pubglite_privateserver\x64\release\meleeinfoitem_bp_functions.obj
c:\users\administrator\source\repos\pubglite_privateserver\pubglite_privateserver\x64\release\mediacompositing_functions.obj
c:\users\administrator\source\repos\pubglite_privateserver\pubglite_privateserver\x64\release\mediaassets_functions.obj
c:\users\administrator\source\repos\pubglite_privateserver\pubglite_privateserver\x64\release\mapcircleandlineblackboard_functions.obj
c:\users\administrator\source\repos\pubglite_privateserver\pubglite_privateserver\x64\release\mainweaponinfoitem_bp_functions.obj
c:\users\administrator\source\repos\pubglite_privateserver\pubglite_privateserver\x64\release\pickupanddropcountpopupwidget_bp_functions.obj
c:\users\administrator\source\repos\pubglite_privateserver\pubglite_privateserver\x64\release\physxvehicles_functions.obj
c:\users\administrator\source\repos\pubglite_privateserver\pubglite_privateserver\x64\release\parachutingcontrol_functions.obj
c:\users\administrator\source\repos\pubglite_privateserver\pubglite_privateserver\x64\release\parachuteshowactor_functions.obj
c:\users\administrator\source\repos\pubglite_privateserver\pubglite_privateserver\x64\release\paper2d_functions.obj
c:\users\administrator\source\repos\pubglite_privateserver\pubglite_privateserver\x64\release\optiontitlewidget_functions.obj
c:\users\administrator\source\repos\pubglite_privateserver\pubglite_privateserver\x64\release\optionsettingsbutotn_functions.obj
c:\users\administrator\source\repos\pubglite_privateserver\pubglite_privateserver\x64\release\optionbutton_functions.obj
c:\users\administrator\source\repos\pubglite_privateserver\pubglite_privateserver\x64\release\onlinesubsystem_functions.obj
c:\users\administrator\source\repos\pubglite_privateserver\pubglite_privateserver\x64\release\onlinesubsystemutils_functions.obj
c:\users\administrator\source\repos\pubglite_privateserver\pubglite_privateserver\x64\release\omobilefbpl_functions.obj
c:\users\administrator\source\repos\pubglite_privateserver\pubglite_privateserver\x64\release\oceanplugin_functions.obj
c:\users\administrator\source\repos\pubglite_privateserver\pubglite_privateserver\x64\release\ob_teammatelist_bp_functions.obj
c:\users\administrator\source\repos\pubglite_privateserver\pubglite_privateserver\x64\release\ob_teamlefthpitem_uibp_functions.obj
c:\users\administrator\source\repos\pubglite_privateserver\pubglite_privateserver\x64\release\ob_playerlistitem_bp_functions.obj
c:\users\administrator\source\repos\pubglite_privateserver\pubglite_privateserver\x64\release\ob_playerlistgroup_bp_functions.obj
c:\users\administrator\source\repos\pubglite_privateserver\pubglite_privateserver\x64\release\ob_playerinfopanel_bp_functions.obj
c:\users\administrator\source\repos\pubglite_privateserver\pubglite_privateserver\x64\release\ob_playerheadlist_bp_functions.obj
c:\users\administrator\source\repos\pubglite_privateserver\pubglite_privateserver\x64\release\ob_playerheadhpitem_uibp_functions.obj
c:\users\administrator\source\repos\pubglite_privateserver\pubglite_privateserver\x64\release\ob_mapplayerlist_bp_functions.obj
c:\users\administrator\source\repos\pubglite_privateserver\pubglite_privateserver\x64\release\presetcolorcomboboxwidget2_functions.obj
c:\users\administrator\source\repos\pubglite_privateserver\pubglite_privateserver\x64\release\popupwidget_functions.obj
c:\users\administrator\source\repos\pubglite_privateserver\pubglite_privateserver\x64\release\popupnotice_bp_functions.obj
c:\users\administrator\source\repos\pubglite_privateserver\pubglite_privateserver\x64\release\playerprefs_functions.obj
c:\users\administrator\source\repos\pubglite_privateserver\pubglite_privateserver\x64\release\playeritem_bp_functions.obj
c:\users\administrator\source\repos\pubglite_privateserver\pubglite_privateserver\x64\release\playerinfopanel_functions.obj
c:\users\administrator\source\repos\pubglite_privateserver\pubglite_privateserver\x64\release\playerdeadinventorybox_functions.obj
c:\users\administrator\source\repos\pubglite_privateserver\pubglite_privateserver\x64\release\pistolmode_functions.obj
c:\users\administrator\source\repos\pubglite_privateserver\pubglite_privateserver\x64\release\pistolinfoitem_bp_functions.obj
c:\users\administrator\source\repos\pubglite_privateserver\pubglite_privateserver\x64\release\pills_functions.obj
c:\users\administrator\source\repos\pubglite_privateserver\pubglite_privateserver\x64\release\pickup_bp_helmet_lv3_functions.obj
c:\users\administrator\source\repos\pubglite_privateserver\pubglite_privateserver\x64\release\pickup_bp_ghillie_1_functions.obj
c:\users\administrator\source\repos\pubglite_privateserver\pubglite_privateserver\x64\release\pickup_bp_bag_lv3_functions.obj
c:\users\administrator\source\repos\pubglite_privateserver\pubglite_privateserver\x64\release\pickup_bp_armor_lv3_functions.obj
c:\users\administrator\source\repos\pubglite_privateserver\pubglite_privateserver\x64\release\pickuplistpanel_bp_functions.obj
c:\users\administrator\source\repos\pubglite_privateserver\pubglite_privateserver\x64\release\pickuplistitem_row_bp_functions.obj
c:\users\administrator\source\repos\pubglite_privateserver\pubglite_privateserver\x64\release\pickuplistitem_row_bppc_functions.obj
c:\users\administrator\source\repos\pubglite_privateserver\pubglite_privateserver\x64\release\pickupitem_s_bp_functions.obj
c:\users\administrator\source\repos\pubglite_privateserver\pubglite_privateserver\x64\release\pickupitem_bp_functions.obj
c:\users\administrator\source\repos\pubglite_privateserver\pubglite_privateserver\x64\release\pickupitemtips_bp_functions.obj
c:\users\administrator\source\repos\pubglite_privateserver\pubglite_privateserver\x64\release\shineinterface_functions.obj
c:\users\administrator\source\repos\pubglite_privateserver\pubglite_privateserver\x64\release\shadowtrackerextra_functions.obj
c:\users\administrator\source\repos\pubglite_privateserver\pubglite_privateserver\x64\release\scriptplugin_functions.obj
c:\users\administrator\source\repos\pubglite_privateserver\pubglite_privateserver\x64\release\screensettingwidget_functions.obj
c:\users\administrator\source\repos\pubglite_privateserver\pubglite_privateserver\x64\release\scenecapturecharacterweapon_functions.obj
c:\users\administrator\source\repos\pubglite_privateserver\pubglite_privateserver\x64\release\runtimemeshcomponent_functions.obj
c:\users\administrator\source\repos\pubglite_privateserver\pubglite_privateserver\x64\release\respawnsetuiinterface_functions.obj
c:\users\administrator\source\repos\pubglite_privateserver\pubglite_privateserver\x64\release\replaysettings_functions.obj
c:\users\administrator\source\repos\pubglite_privateserver\pubglite_privateserver\x64\release\reconnect_uibp_functions.obj
c:\users\administrator\source\repos\pubglite_privateserver\pubglite_privateserver\x64\release\reconnect_bp_functions.obj
c:\users\administrator\source\repos\pubglite_privateserver\pubglite_privateserver\x64\release\quicktext_bp_functions.obj
c:\users\administrator\source\repos\pubglite_privateserver\pubglite_privateserver\x64\release\quickmenu_bp_functions.obj
c:\users\administrator\source\repos\pubglite_privateserver\pubglite_privateserver\x64\release\quickfriendstext_bp_functions.obj
c:\users\administrator\source\repos\pubglite_privateserver\pubglite_privateserver\x64\release\qualitysliderwidget_functions.obj
c:\users\administrator\source\repos\pubglite_privateserver\pubglite_privateserver\x64\release\qualitysettingswidget_functions.obj
c:\users\administrator\source\repos\pubglite_privateserver\pubglite_privateserver\x64\release\qualitycombobox_functions.obj
c:\users\administrator\source\repos\pubglite_privateserver\pubglite_privateserver\x64\release\qbu_animbp_functions.obj
c:\users\administrator\source\repos\pubglite_privateserver\pubglite_privateserver\x64\release\proceduralmeshcomponent_functions.obj
c:\users\administrator\source\repos\pubglite_privateserver\pubglite_privateserver\x64\release\presetcolorwidget_functions.obj
c:\users\administrator\source\repos\pubglite_privateserver\pubglite_privateserver\x64\release\presetcolorcomboboxwidget_functions.obj
c:\users\administrator\source\repos\pubglite_privateserver\pubglite_privateserver\x64\release\sk_wep_crossbow_animbp_functions.obj
c:\users\administrator\source\repos\pubglite_privateserver\pubglite_privateserver\x64\release\sk_wep_98k_animbp_functions.obj
c:\users\administrator\source\repos\pubglite_privateserver\pubglite_privateserver\x64\release\skill_punch_fist_bp_functions.obj
c:\users\administrator\source\repos\pubglite_privateserver\pubglite_privateserver\x64\release\skill_painkiller_bp_functions.obj
c:\users\administrator\source\repos\pubglite_privateserver\pubglite_privateserver\x64\release\skill_melee_sickle_bp_functions.obj
c:\users\administrator\source\repos\pubglite_privateserver\pubglite_privateserver\x64\release\skill_melee_pan_bp_functions.obj
c:\users\administrator\source\repos\pubglite_privateserver\pubglite_privateserver\x64\release\skill_melee_machete_bp_functions.obj
c:\users\administrator\source\repos\pubglite_privateserver\pubglite_privateserver\x64\release\skill_melee_cowbar_bp_functions.obj
c:\users\administrator\source\repos\pubglite_privateserver\pubglite_privateserver\x64\release\skill_medkit_bp_functions.obj
c:\users\administrator\source\repos\pubglite_privateserver\pubglite_privateserver\x64\release\skill_grenade_stun_bp_functions.obj
c:\users\administrator\source\repos\pubglite_privateserver\pubglite_privateserver\x64\release\skill_grenade_smoke_bp_functions.obj
c:\users\administrator\source\repos\pubglite_privateserver\pubglite_privateserver\x64\release\skill_grenade_molotov_bp_functions.obj
c:\users\administrator\source\repos\pubglite_privateserver\pubglite_privateserver\x64\release\skill_grenade_frag_bp_functions.obj
c:\users\administrator\source\repos\pubglite_privateserver\pubglite_privateserver\x64\release\skill_gascan_bp_functions.obj
c:\users\administrator\source\repos\pubglite_privateserver\pubglite_privateserver\x64\release\skill_functions.obj
c:\users\administrator\source\repos\pubglite_privateserver\pubglite_privateserver\x64\release\skill_firstaidkit_bp_functions.obj
c:\users\administrator\source\repos\pubglite_privateserver\pubglite_privateserver\x64\release\skill_energydrink_bp_functions.obj
c:\users\administrator\source\repos\pubglite_privateserver\pubglite_privateserver\x64\release\skill_bandage_bp_functions.obj
c:\users\administrator\source\repos\pubglite_privateserver\pubglite_privateserver\x64\release\skill_adrenalinesyringe_bp_functions.obj
c:\users\administrator\source\repos\pubglite_privateserver\pubglite_privateserver\x64\release\shootinguipanel_functions.obj
c:\users\administrator\source\repos\pubglite_privateserver\pubglite_privateserver\x64\release\uivoicecheckobject_functions.obj
c:\users\administrator\source\repos\pubglite_privateserver\pubglite_privateserver\x64\release\uisettings_functions.obj
c:\users\administrator\source\repos\pubglite_privateserver\pubglite_privateserver\x64\release\uielemlayout_bp_functions.obj
c:\users\administrator\source\repos\pubglite_privateserver\pubglite_privateserver\x64\release\uicommonfunctionlibrary_functions.obj
c:\users\administrator\source\repos\pubglite_privateserver\pubglite_privateserver\x64\release\uiblurbackground_functions.obj
c:\users\administrator\source\repos\pubglite_privateserver\pubglite_privateserver\x64\release\uaetrigger_functions.obj
c:\users\administrator\source\repos\pubglite_privateserver\pubglite_privateserver\x64\release\uaestatemachine_functions.obj
c:\users\administrator\source\repos\pubglite_privateserver\pubglite_privateserver\x64\release\tslcheckbox_functions.obj
c:\users\administrator\source\repos\pubglite_privateserver\pubglite_privateserver\x64\release\traingcampshow_uibp_functions.obj
c:\users\administrator\source\repos\pubglite_privateserver\pubglite_privateserver\x64\release\tooltipgauge_functions.obj
c:\users\administrator\source\repos\pubglite_privateserver\pubglite_privateserver\x64\release\tickabledynamicadditeminterface_functions.obj
c:\users\administrator\source\repos\pubglite_privateserver\pubglite_privateserver\x64\release\teammatesquicktipsitem_bp_functions.obj
c:\users\administrator\source\repos\pubglite_privateserver\pubglite_privateserver\x64\release\teammatepositionitem_bp_functions.obj
c:\users\administrator\source\repos\pubglite_privateserver\pubglite_privateserver\x64\release\tapm_functions.obj
c:\users\administrator\source\repos\pubglite_privateserver\pubglite_privateserver\x64\release\tablefunctionlibrary_functions.obj
c:\users\administrator\source\repos\pubglite_privateserver\pubglite_privateserver\x64\release\switchweaponslot_mode2_functions.obj
c:\users\administrator\source\repos\pubglite_privateserver\pubglite_privateserver\x64\release\switchweaponslot_functions.obj
c:\users\administrator\source\repos\pubglite_privateserver\pubglite_privateserver\x64\release\surviveinfopanel_functions.obj
c:\users\administrator\source\repos\pubglite_privateserver\pubglite_privateserver\x64\release\spectatoritem_bp_functions.obj
c:\users\administrator\source\repos\pubglite_privateserver\pubglite_privateserver\x64\release\soundsettingwidget_functions.obj
c:\users\administrator\source\repos\pubglite_privateserver\pubglite_privateserver\x64\release\zeroingdistancewidget_functions.obj
c:\users\administrator\source\repos\pubglite_privateserver\pubglite_privateserver\x64\release\w_audiotest_functions.obj
c:\users\administrator\source\repos\pubglite_privateserver\pubglite_privateserver\x64\release\wmodeui_bp_functions.obj
c:\users\administrator\source\repos\pubglite_privateserver\pubglite_privateserver\x64\release\widgetbp_lobbywebview_functions.obj
c:\users\administrator\source\repos\pubglite_privateserver\pubglite_privateserver\x64\release\waterswimobject_functions.obj
c:\users\administrator\source\repos\pubglite_privateserver\pubglite_privateserver\x64\release\voicesettingwidget_functions.obj
c:\users\administrator\source\repos\pubglite_privateserver\pubglite_privateserver\x64\release\viewmodepivot_functions.obj
c:\users\administrator\source\repos\pubglite_privateserver\pubglite_privateserver\x64\release\vh_motorcycle_animbp_functions.obj
c:\users\administrator\source\repos\pubglite_privateserver\pubglite_privateserver\x64\release\vh_motorcyclecart_functions.obj
c:\users\administrator\source\repos\pubglite_privateserver\pubglite_privateserver\x64\release\vh_motorcyclecart_animbp_functions.obj
c:\users\administrator\source\repos\pubglite_privateserver\pubglite_privateserver\x64\release\vehilecontrolpanel_functions.obj
c:\users\administrator\source\repos\pubglite_privateserver\pubglite_privateserver\x64\release\vehicleavatarcomponent_bp_functions.obj
c:\users\administrator\source\repos\pubglite_privateserver\pubglite_privateserver\x64\release\updateplayerstateinterface_functions.obj
c:\users\administrator\source\repos\pubglite_privateserver\pubglite_privateserver\x64\release\unrealarchext_functions.obj
c:\users\administrator\source\repos\pubglite_privateserver\pubglite_privateserver\x64\release\umg_functions.obj
c:\users\administrator\source\repos\pubglite_privateserver\pubglite_privateserver\x64\release\assetregistry_functions.obj
c:\users\administrator\source\repos\pubglite_privateserver\pubglite_privateserver\x64\release\bpinterface_lobbyslot_functions.obj
c:\users\administrator\source\repos\pubglite_privateserver\pubglite_privateserver\x64\release\bp_global_functions.obj
c:\users\administrator\source\repos\pubglite_privateserver\x64\release\pubglite_privateserver.dll
c:\users\administrator\source\repos\pubglite_privateserver\x64\release\pubglite_privateserver.pdb
c:\users\administrator\source\repos\pubglite_privateserver\pubglite_privateserver\x64\release\pubglite_privateserver.ipdb
c:\users\administrator\source\repos\pubglite_privateserver\pubglite_privateserver\x64\release\pubglite_privateserver.iobj
c:\users\administrator\source\repos\pubglite_privateserver\pubglite_privateserver\x64\release\pubglite.fe99e3a8.tlog\cl.command.1.tlog
c:\users\administrator\source\repos\pubglite_privateserver\pubglite_privateserver\x64\release\pubglite.fe99e3a8.tlog\cl.items.tlog
c:\users\administrator\source\repos\pubglite_privateserver\pubglite_privateserver\x64\release\pubglite.fe99e3a8.tlog\cl.read.1.tlog
c:\users\administrator\source\repos\pubglite_privateserver\pubglite_privateserver\x64\release\pubglite.fe99e3a8.tlog\cl.write.1.tlog
c:\users\administrator\source\repos\pubglite_privateserver\pubglite_privateserver\x64\release\pubglite.fe99e3a8.tlog\link.command.1.tlog
c:\users\administrator\source\repos\pubglite_privateserver\pubglite_privateserver\x64\release\pubglite.fe99e3a8.tlog\link.read.1.tlog
c:\users\administrator\source\repos\pubglite_privateserver\pubglite_privateserver\x64\release\pubglite.fe99e3a8.tlog\link.secondary.1.tlog
c:\users\administrator\source\repos\pubglite_privateserver\pubglite_privateserver\x64\release\pubglite.fe99e3a8.tlog\link.write.1.tlog
