  dllmain.cpp
C:\Users\Administrator\source\repos\PUBGLite_PrivateServer\PUBGLite_PrivateServer\UtilsDefs.h(88,39): warning C4244: 'argument': conversion from 'UC::uint64' to 'UC::uint32', possible loss of data
  (compiling source file 'dllmain.cpp')
  
C:\Users\Administrator\source\repos\PUBGLite_PrivateServer\PUBGLite_PrivateServer\SDK\Basic.hpp(743,3): warning C4369: 'SDK::EObjectFlags':  enumerator value '2147483648' cannot be represented as 'int', value is '2147483648'
  (compiling source file 'dllmain.cpp')
  
C:\Users\Administrator\source\repos\PUBGLite_PrivateServer\PUBGLite_PrivateServer\SDK\Gameplay_structs.hpp(150,2): warning C4309: 'initializing': truncation of constant value
  (compiling source file 'dllmain.cpp')
  
C:\Users\Administrator\source\repos\PUBGLite_PrivateServer\PUBGLite_PrivateServer\SDK\Gameplay_structs.hpp(150,2): warning C4369: 'SDK::ETLog_BackpackEquipmentSlotType':  enumerator value '256' cannot be represented as 'unsigned char', value is '256'
  (compiling source file 'dllmain.cpp')
  
C:\Users\Administrator\source\repos\PUBGLite_PrivateServer\PUBGLite_PrivateServer\SDK\ShadowTrackerExtra_structs.hpp(790,2): warning C4309: 'initializing': truncation of constant value
  (compiling source file 'dllmain.cpp')
  
C:\Users\Administrator\source\repos\PUBGLite_PrivateServer\PUBGLite_PrivateServer\SDK\ShadowTrackerExtra_structs.hpp(790,2): warning C4369: 'SDK::EDamageType':  enumerator value '256' cannot be represented as 'unsigned char', value is '256'
  (compiling source file 'dllmain.cpp')
  
C:\Users\Administrator\source\repos\PUBGLite_PrivateServer\PUBGLite_PrivateServer\SDK\ShadowTrackerExtra_structs.hpp(3382,2): warning C4309: 'initializing': truncation of constant value
  (compiling source file 'dllmain.cpp')
  
C:\Users\Administrator\source\repos\PUBGLite_PrivateServer\PUBGLite_PrivateServer\SDK\ShadowTrackerExtra_structs.hpp(3382,2): warning C4369: 'SDK::ETslParticleCullType':  enumerator value '256' cannot be represented as 'unsigned char', value is '256'
  (compiling source file 'dllmain.cpp')
  
C:\Users\Administrator\source\repos\PUBGLite_PrivateServer\PUBGLite_PrivateServer\dllmain.cpp(1047,64): warning C4552: '>>': result of expression not used
C:\Users\Administrator\source\repos\PUBGLite_PrivateServer\PUBGLite_PrivateServer\dllmain.cpp(1810,15): warning C4244: 'argument': conversion from 'double' to 'DWORD', possible loss of data
  PUBGLite_PrivateServer.vcxproj -> C:\Users\Administrator\source\repos\PUBGLite_PrivateServer\x64\Debug\PUBGLite_PrivateServer.dll
