c:\users\administrator\source\repos\pubglite_privateserver\pubglite_privateserver\x64\debug\pubglite_privateserver.pch
c:\users\administrator\source\repos\pubglite_privateserver\pubglite_privateserver\x64\debug\vc143.pdb
c:\users\administrator\source\repos\pubglite_privateserver\pubglite_privateserver\x64\debug\vc143.idb
c:\users\administrator\source\repos\pubglite_privateserver\pubglite_privateserver\x64\debug\pch.obj
c:\users\administrator\source\repos\pubglite_privateserver\pubglite_privateserver\x64\debug\shadowtrackerextra_functions.obj
c:\users\administrator\source\repos\pubglite_privateserver\pubglite_privateserver\x64\debug\gameplay_functions.obj
c:\users\administrator\source\repos\pubglite_privateserver\pubglite_privateserver\x64\debug\engine_functions.obj
c:\users\administrator\source\repos\pubglite_privateserver\pubglite_privateserver\x64\debug\coreuobject_functions.obj
c:\users\administrator\source\repos\pubglite_privateserver\pubglite_privateserver\x64\debug\basic.obj
c:\users\administrator\source\repos\pubglite_privateserver\pubglite_privateserver\x64\debug\dummy.obj
c:\users\administrator\source\repos\pubglite_privateserver\pubglite_privateserver\x64\debug\dllmain.obj
c:\users\administrator\source\repos\pubglite_privateserver\x64\debug\pubglite_privateserver.dll
c:\users\administrator\source\repos\pubglite_privateserver\x64\debug\pubglite_privateserver.pdb
c:\users\administrator\source\repos\pubglite_privateserver\x64\debug\pubglite_privateserver.lib
c:\users\administrator\source\repos\pubglite_privateserver\x64\debug\pubglite_privateserver.exp
c:\users\administrator\source\repos\pubglite_privateserver\pubglite_privateserver\x64\debug\pubglite_privateserver.ilk
c:\users\administrator\source\repos\pubglite_privateserver\pubglite_privateserver\x64\debug\pubglite.fe99e3a8.tlog\cl.command.1.tlog
c:\users\administrator\source\repos\pubglite_privateserver\pubglite_privateserver\x64\debug\pubglite.fe99e3a8.tlog\cl.items.tlog
c:\users\administrator\source\repos\pubglite_privateserver\pubglite_privateserver\x64\debug\pubglite.fe99e3a8.tlog\cl.read.1.tlog
c:\users\administrator\source\repos\pubglite_privateserver\pubglite_privateserver\x64\debug\pubglite.fe99e3a8.tlog\cl.write.1.tlog
c:\users\administrator\source\repos\pubglite_privateserver\pubglite_privateserver\x64\debug\pubglite.fe99e3a8.tlog\link.command.1.tlog
c:\users\administrator\source\repos\pubglite_privateserver\pubglite_privateserver\x64\debug\pubglite.fe99e3a8.tlog\link.read.1.tlog
c:\users\administrator\source\repos\pubglite_privateserver\pubglite_privateserver\x64\debug\pubglite.fe99e3a8.tlog\link.secondary.1.tlog
c:\users\administrator\source\repos\pubglite_privateserver\pubglite_privateserver\x64\debug\pubglite.fe99e3a8.tlog\link.write.1.tlog
